E:/stm/Tetris-with-STM32F4ZIT6-and-TouchGFX/Core/Src/main.c:1285:13:SPI5_Write	16	static
E:/stm/Tetris-with-STM32F4ZIT6-and-TouchGFX/Core/Src/main.c:389:6:tone	16	static
E:/stm/Tetris-with-STM32F4ZIT6-and-TouchGFX/Core/Src/main.c:402:6:noTone	0	static
E:/stm/Tetris-with-STM32F4ZIT6-and-TouchGFX/Core/Src/main.c:408:6:playBackGroundSound	32	static
E:/stm/Tetris-with-STM32F4ZIT6-and-TouchGFX/Core/Src/main.c:1457:6:StartSongTask	8	static
E:/stm/Tetris-with-STM32F4ZIT6-and-TouchGFX/Core/Src/main.c:434:6:playSound2	8	static
E:/stm/Tetris-with-STM32F4ZIT6-and-TouchGFX/Core/Src/main.c:440:6:playSound3	8	static
E:/stm/Tetris-with-STM32F4ZIT6-and-TouchGFX/Core/Src/main.c:446:6:playSound4	8	static
E:/stm/Tetris-with-STM32F4ZIT6-and-TouchGFX/Core/Src/main.c:454:6:TM_RNG_Init	0	static
E:/stm/Tetris-with-STM32F4ZIT6-and-TouchGFX/Core/Src/main.c:462:6:TM_RNG_DeInit	0	static
E:/stm/Tetris-with-STM32F4ZIT6-and-TouchGFX/Core/Src/main.c:470:10:TM_RNG_Get	0	static
E:/stm/Tetris-with-STM32F4ZIT6-and-TouchGFX/Core/Src/main.c:1397:6:StartDefaultTask	32	static
E:/stm/Tetris-with-STM32F4ZIT6-and-TouchGFX/Core/Src/main.c:591:6:SystemClock_Config	96	static
E:/stm/Tetris-with-STM32F4ZIT6-and-TouchGFX/Core/Src/main.c:487:5:main	160	static
E:/stm/Tetris-with-STM32F4ZIT6-and-TouchGFX/Core/Src/main.c:1129:6:IOE_Init	0	static
E:/stm/Tetris-with-STM32F4ZIT6-and-TouchGFX/Core/Src/main.c:1138:6:IOE_ITConfig	0	static
E:/stm/Tetris-with-STM32F4ZIT6-and-TouchGFX/Core/Src/main.c:1150:6:IOE_Write	32	static
E:/stm/Tetris-with-STM32F4ZIT6-and-TouchGFX/Core/Src/main.c:1161:9:IOE_Read	32	static
E:/stm/Tetris-with-STM32F4ZIT6-and-TouchGFX/Core/Src/main.c:1174:10:IOE_ReadMultiple	24	static
E:/stm/Tetris-with-STM32F4ZIT6-and-TouchGFX/Core/Src/main.c:1183:6:IOE_Delay	0	static
E:/stm/Tetris-with-STM32F4ZIT6-and-TouchGFX/Core/Src/main.c:1311:6:LCD_IO_Init	8	static
E:/stm/Tetris-with-STM32F4ZIT6-and-TouchGFX/Core/Src/main.c:1321:6:LCD_IO_WriteData	16	static
E:/stm/Tetris-with-STM32F4ZIT6-and-TouchGFX/Core/Src/main.c:1337:6:LCD_IO_WriteReg	16	static
E:/stm/Tetris-with-STM32F4ZIT6-and-TouchGFX/Core/Src/main.c:1356:10:LCD_IO_ReadData	32	static
E:/stm/Tetris-with-STM32F4ZIT6-and-TouchGFX/Core/Src/main.c:1383:6:LCD_Delay	0	static
E:/stm/Tetris-with-STM32F4ZIT6-and-TouchGFX/Core/Src/main.c:1477:6:HAL_TIM_PeriodElapsedCallback	0	static
E:/stm/Tetris-with-STM32F4ZIT6-and-TouchGFX/Core/Src/main.c:1494:6:Error_Handler	0	static
