E:/stm/Tetris-with-STM32F4ZIT6-and-TouchGFX/Core/Src/main.c:1288:13:SPI5_Write	16	static
E:/stm/Tetris-with-STM32F4ZIT6-and-TouchGFX/Core/Src/main.c:385:6:tone	16	static
E:/stm/Tetris-with-STM32F4ZIT6-and-TouchGFX/Core/Src/main.c:398:6:noTone	0	static
E:/stm/Tetris-with-STM32F4ZIT6-and-TouchGFX/Core/Src/main.c:404:6:playOpeningSound	32	static
E:/stm/Tetris-with-STM32F4ZIT6-and-TouchGFX/Core/Src/main.c:1446:6:StartSongTask	8	static
E:/stm/Tetris-with-STM32F4ZIT6-and-TouchGFX/Core/Src/main.c:431:6:playSound	8	static
E:/stm/Tetris-with-STM32F4ZIT6-and-TouchGFX/Core/Src/main.c:446:6:playSound3	8	static
E:/stm/Tetris-with-STM32F4ZIT6-and-TouchGFX/Core/Src/main.c:462:6:TM_RNG_Init	0	static
E:/stm/Tetris-with-STM32F4ZIT6-and-TouchGFX/Core/Src/main.c:470:6:TM_RNG_DeInit	0	static
E:/stm/Tetris-with-STM32F4ZIT6-and-TouchGFX/Core/Src/main.c:478:10:TM_RNG_Get	0	static
E:/stm/Tetris-with-STM32F4ZIT6-and-TouchGFX/Core/Src/main.c:1400:6:StartDefaultTask	32	static
E:/stm/Tetris-with-STM32F4ZIT6-and-TouchGFX/Core/Src/main.c:598:6:SystemClock_Config	96	static
E:/stm/Tetris-with-STM32F4ZIT6-and-TouchGFX/Core/Src/main.c:495:5:main	160	static
E:/stm/Tetris-with-STM32F4ZIT6-and-TouchGFX/Core/Src/main.c:1132:6:IOE_Init	0	static
E:/stm/Tetris-with-STM32F4ZIT6-and-TouchGFX/Core/Src/main.c:1141:6:IOE_ITConfig	0	static
E:/stm/Tetris-with-STM32F4ZIT6-and-TouchGFX/Core/Src/main.c:1153:6:IOE_Write	32	static
E:/stm/Tetris-with-STM32F4ZIT6-and-TouchGFX/Core/Src/main.c:1164:9:IOE_Read	32	static
E:/stm/Tetris-with-STM32F4ZIT6-and-TouchGFX/Core/Src/main.c:1177:10:IOE_ReadMultiple	24	static
E:/stm/Tetris-with-STM32F4ZIT6-and-TouchGFX/Core/Src/main.c:1186:6:IOE_Delay	0	static
E:/stm/Tetris-with-STM32F4ZIT6-and-TouchGFX/Core/Src/main.c:1314:6:LCD_IO_Init	8	static
E:/stm/Tetris-with-STM32F4ZIT6-and-TouchGFX/Core/Src/main.c:1324:6:LCD_IO_WriteData	16	static
E:/stm/Tetris-with-STM32F4ZIT6-and-TouchGFX/Core/Src/main.c:1340:6:LCD_IO_WriteReg	16	static
E:/stm/Tetris-with-STM32F4ZIT6-and-TouchGFX/Core/Src/main.c:1359:10:LCD_IO_ReadData	32	static
E:/stm/Tetris-with-STM32F4ZIT6-and-TouchGFX/Core/Src/main.c:1386:6:LCD_Delay	0	static
E:/stm/Tetris-with-STM32F4ZIT6-and-TouchGFX/Core/Src/main.c:1467:6:HAL_TIM_PeriodElapsedCallback	0	static
E:/stm/Tetris-with-STM32F4ZIT6-and-TouchGFX/Core/Src/main.c:1484:6:Error_Handler	0	static
