E:/stm/Tetris-with-STM32F4ZIT6-and-TouchGFX/Core/Src/main.c:1288:13:SPI5_Write	16	static
E:/stm/Tetris-with-STM32F4ZIT6-and-TouchGFX/Core/Src/main.c:377:6:tone	8	static
E:/stm/Tetris-with-STM32F4ZIT6-and-TouchGFX/Core/Src/main.c:390:6:noTone	0	static
E:/stm/Tetris-with-STM32F4ZIT6-and-TouchGFX/Core/Src/main.c:394:6:prepSound	40	static
E:/stm/Tetris-with-STM32F4ZIT6-and-TouchGFX/Core/Src/main.c:417:6:playOpeningSound	16	static
E:/stm/Tetris-with-STM32F4ZIT6-and-TouchGFX/Core/Src/main.c:432:6:playSound	8	static
E:/stm/Tetris-with-STM32F4ZIT6-and-TouchGFX/Core/Src/main.c:447:6:playSound3	8	static
E:/stm/Tetris-with-STM32F4ZIT6-and-TouchGFX/Core/Src/main.c:463:6:TM_RNG_Init	0	static
E:/stm/Tetris-with-STM32F4ZIT6-and-TouchGFX/Core/Src/main.c:471:6:TM_RNG_DeInit	0	static
E:/stm/Tetris-with-STM32F4ZIT6-and-TouchGFX/Core/Src/main.c:479:10:TM_RNG_Get	0	static
E:/stm/Tetris-with-STM32F4ZIT6-and-TouchGFX/Core/Src/main.c:1400:6:StartDefaultTask	32	static
E:/stm/Tetris-with-STM32F4ZIT6-and-TouchGFX/Core/Src/main.c:598:6:SystemClock_Config	96	static
E:/stm/Tetris-with-STM32F4ZIT6-and-TouchGFX/Core/Src/main.c:496:5:main	160	static
E:/stm/Tetris-with-STM32F4ZIT6-and-TouchGFX/Core/Src/main.c:1132:6:IOE_Init	0	static
E:/stm/Tetris-with-STM32F4ZIT6-and-TouchGFX/Core/Src/main.c:1141:6:IOE_ITConfig	0	static
E:/stm/Tetris-with-STM32F4ZIT6-and-TouchGFX/Core/Src/main.c:1153:6:IOE_Write	32	static
E:/stm/Tetris-with-STM32F4ZIT6-and-TouchGFX/Core/Src/main.c:1164:9:IOE_Read	32	static
E:/stm/Tetris-with-STM32F4ZIT6-and-TouchGFX/Core/Src/main.c:1177:10:IOE_ReadMultiple	24	static
E:/stm/Tetris-with-STM32F4ZIT6-and-TouchGFX/Core/Src/main.c:1186:6:IOE_Delay	0	static
E:/stm/Tetris-with-STM32F4ZIT6-and-TouchGFX/Core/Src/main.c:1314:6:LCD_IO_Init	8	static
E:/stm/Tetris-with-STM32F4ZIT6-and-TouchGFX/Core/Src/main.c:1324:6:LCD_IO_WriteData	16	static
E:/stm/Tetris-with-STM32F4ZIT6-and-TouchGFX/Core/Src/main.c:1340:6:LCD_IO_WriteReg	16	static
E:/stm/Tetris-with-STM32F4ZIT6-and-TouchGFX/Core/Src/main.c:1359:10:LCD_IO_ReadData	32	static
E:/stm/Tetris-with-STM32F4ZIT6-and-TouchGFX/Core/Src/main.c:1386:6:LCD_Delay	0	static
E:/stm/Tetris-with-STM32F4ZIT6-and-TouchGFX/Core/Src/main.c:1456:6:HAL_TIM_PeriodElapsedCallback	0	static
E:/stm/Tetris-with-STM32F4ZIT6-and-TouchGFX/Core/Src/main.c:1473:6:Error_Handler	0	static
