E:/stm/Tetris-with-STM32F4ZIT6-and-TouchGFX/Core/Src/stm32f4xx_hal_msp.c:66:6:HAL_MspInit	8	static
E:/stm/Tetris-with-STM32F4ZIT6-and-TouchGFX/Core/Src/stm32f4xx_hal_msp.c:91:6:HAL_CRC_MspInit	8	static
E:/stm/Tetris-with-STM32F4ZIT6-and-TouchGFX/Core/Src/stm32f4xx_hal_msp.c:114:6:HAL_CRC_MspDeInit	0	static
E:/stm/Tetris-with-STM32F4ZIT6-and-TouchGFX/Core/Src/stm32f4xx_hal_msp.c:136:6:HAL_DMA2D_MspInit	16	static
E:/stm/Tetris-with-STM32F4ZIT6-and-TouchGFX/Core/Src/stm32f4xx_hal_msp.c:162:6:HAL_DMA2D_MspDeInit	0	static
E:/stm/Tetris-with-STM32F4ZIT6-and-TouchGFX/Core/Src/stm32f4xx_hal_msp.c:187:6:HAL_I2C_MspInit	64	static
E:/stm/Tetris-with-STM32F4ZIT6-and-TouchGFX/Core/Src/stm32f4xx_hal_msp.c:236:6:HAL_I2C_MspDeInit	8	static
E:/stm/Tetris-with-STM32F4ZIT6-and-TouchGFX/Core/Src/stm32f4xx_hal_msp.c:267:6:HAL_LTDC_MspInit	120	static
E:/stm/Tetris-with-STM32F4ZIT6-and-TouchGFX/Core/Src/stm32f4xx_hal_msp.c:393:6:HAL_LTDC_MspDeInit	8	static
E:/stm/Tetris-with-STM32F4ZIT6-and-TouchGFX/Core/Src/stm32f4xx_hal_msp.c:455:6:HAL_SPI_MspInit	40	static
E:/stm/Tetris-with-STM32F4ZIT6-and-TouchGFX/Core/Src/stm32f4xx_hal_msp.c:493:6:HAL_SPI_MspDeInit	0	static
E:/stm/Tetris-with-STM32F4ZIT6-and-TouchGFX/Core/Src/stm32f4xx_hal_msp.c:523:6:HAL_TIM_Base_MspInit	8	static
E:/stm/Tetris-with-STM32F4ZIT6-and-TouchGFX/Core/Src/stm32f4xx_hal_msp.c:540:6:HAL_TIM_MspPostInit	32	static
E:/stm/Tetris-with-STM32F4ZIT6-and-TouchGFX/Core/Src/stm32f4xx_hal_msp.c:572:6:HAL_TIM_Base_MspDeInit	0	static
E:/stm/Tetris-with-STM32F4ZIT6-and-TouchGFX/Core/Src/stm32f4xx_hal_msp.c:696:6:HAL_SDRAM_MspInit	48	static
E:/stm/Tetris-with-STM32F4ZIT6-and-TouchGFX/Core/Src/stm32f4xx_hal_msp.c:782:6:HAL_SDRAM_MspDeInit	8	static
