../../Middlewares/ST/touchgfx/framework/include/touchgfx/Screen.hpp:104:18:virtual void touchgfx::Screen::afterTransition()	0	static
../../Middlewares/ST/touchgfx/framework/include/touchgfx/Screen.hpp:154:18:virtual void touchgfx::Screen::handleKeyEvent(uint8_t)	0	static
C:/TouchGFXProjects/Tetris/TouchGFX/gui/src/home_screen/HomeView.cpp:17:6:virtual void HomeView::tearDownScreen()	0	static
../../TouchGFX/gui/include/gui/home_screen/HomeView.hpp:12:13:HomeView::~HomeView()	8	static
../../TouchGFX/gui/include/gui/home_screen/HomeView.hpp:12:13:virtual HomeView::~HomeView()	8	static
C:/TouchGFXProjects/Tetris/TouchGFX/gui/src/home_screen/HomeView.cpp:22:6:virtual void HomeView::tickEvent()	8	static
C:/TouchGFXProjects/Tetris/TouchGFX/gui/src/home_screen/HomeView.cpp:7:1:HomeView::HomeView()	8	static
C:/TouchGFXProjects/Tetris/TouchGFX/gui/src/home_screen/HomeView.cpp:12:6:virtual void HomeView::setupScreen()	0	static
