../../Middlewares/ST/touchgfx/framework/include/touchgfx/Drawable.hpp:147:23:virtual touchgfx::Drawable* touchgfx::Drawable::getFirstChild()	0	static
../../Middlewares/ST/touchgfx/framework/include/touchgfx/Drawable.hpp:315:18:virtual void touchgfx::Drawable::setX(int16_t)	0	static
../../Middlewares/ST/touchgfx/framework/include/touchgfx/Drawable.hpp:327:18:virtual void touchgfx::Drawable::setY(int16_t)	0	static
../../Middlewares/ST/touchgfx/framework/include/touchgfx/Drawable.hpp:356:18:virtual void touchgfx::Drawable::setWidth(int16_t)	0	static
../../Middlewares/ST/touchgfx/framework/include/touchgfx/Drawable.hpp:368:18:virtual void touchgfx::Drawable::setHeight(int16_t)	0	static
../../Middlewares/ST/touchgfx/framework/include/touchgfx/Drawable.hpp:378:18:virtual void touchgfx::Drawable::childGeometryChanged()	0	static
../../Middlewares/ST/touchgfx/framework/include/touchgfx/Drawable.hpp:389:18:virtual void touchgfx::Drawable::handleClickEvent(const touchgfx::ClickEvent&)	0	static
../../Middlewares/ST/touchgfx/framework/include/touchgfx/Drawable.hpp:401:18:virtual void touchgfx::Drawable::handleGestureEvent(const touchgfx::GestureEvent&)	0	static
../../Middlewares/ST/touchgfx/framework/include/touchgfx/Drawable.hpp:490:18:virtual void touchgfx::Drawable::handleDragEvent(const touchgfx::DragEvent&)	0	static
../../Middlewares/ST/touchgfx/framework/include/touchgfx/Drawable.hpp:501:18:virtual void touchgfx::Drawable::handleTickEvent()	0	static
../../Middlewares/ST/touchgfx/framework/include/touchgfx/Drawable.hpp:588:18:virtual void touchgfx::Drawable::moveTo(int16_t, int16_t)	4	static
../../Middlewares/ST/touchgfx/framework/include/touchgfx/Drawable.hpp:703:18:virtual void touchgfx::Drawable::setupDrawChain(const touchgfx::Rect&, touchgfx::Drawable**)	0	static
../../Middlewares/ST/touchgfx/framework/include/touchgfx/Screen.hpp:104:18:virtual void touchgfx::Screen::afterTransition()	0	static
../../Middlewares/ST/touchgfx/framework/include/touchgfx/Screen.hpp:154:18:virtual void touchgfx::Screen::handleKeyEvent(uint8_t)	0	static
../../TouchGFX/generated/gui_generated/include/gui_generated/screen1_screen/Screen1ViewBase.hpp:26:18:virtual void Screen1ViewBase::tickEvent()	0	static
E:/stm/Tetris-with-STM32F4ZIT6-and-TouchGFX/TouchGFX/gui/src/screen1_screen/Screen1View.cpp:188:6:virtual void Screen1View::tearDownScreen()	0	static
E:/stm/Tetris-with-STM32F4ZIT6-and-TouchGFX/TouchGFX/gui/src/screen1_screen/Screen1View.cpp:175:1:Screen1View::~Screen1View()	16	static
E:/stm/Tetris-with-STM32F4ZIT6-and-TouchGFX/TouchGFX/gui/src/screen1_screen/Screen1View.cpp:175:1:virtual Screen1View::~Screen1View()	8	static
../../Middlewares/ST/touchgfx/framework/include/touchgfx/Drawable.hpp:121:18:virtual void touchgfx::Drawable::invalidateContent() const	0	static
../../Middlewares/ST/touchgfx/framework/include/touchgfx/widgets/Widget.hpp:45:18:virtual void touchgfx::Widget::getLastChild(int16_t, int16_t, touchgfx::Drawable**)	0	static
../../Middlewares/ST/touchgfx/framework/include/touchgfx/Drawable.hpp:233:10:void touchgfx::Drawable::setPosition(int16_t, int16_t, int16_t, int16_t)	24	static
../../Middlewares/ST/touchgfx/framework/include/touchgfx/widgets/Box.hpp:33:5:touchgfx::Box::Box()	0	static
E:/stm/Tetris-with-STM32F4ZIT6-and-TouchGFX/TouchGFX/gui/src/screen1_screen/Screen1View.cpp:14:5:int random(int)	8	static
E:/stm/Tetris-with-STM32F4ZIT6-and-TouchGFX/TouchGFX/gui/src/screen1_screen/Screen1View.cpp:74:1:Tetromino::Tetromino()	0	static
E:/stm/Tetris-with-STM32F4ZIT6-and-TouchGFX/TouchGFX/gui/src/screen1_screen/Screen1View.cpp:116:26:touchgfx::BoxWithBorder* Tetromino::getTile(int)	0	static
E:/stm/Tetris-with-STM32F4ZIT6-and-TouchGFX/TouchGFX/gui/src/screen1_screen/Screen1View.cpp:123:6:void Tetromino::updateTilePositions()	32	static
E:/stm/Tetris-with-STM32F4ZIT6-and-TouchGFX/TouchGFX/gui/src/screen1_screen/Screen1View.cpp:81:6:void Tetromino::initialize(TetrominoType, int, int, int, TetriTileID)	24	static
E:/stm/Tetris-with-STM32F4ZIT6-and-TouchGFX/TouchGFX/gui/src/screen1_screen/Screen1View.cpp:98:6:void Tetromino::move(int, int)	4	static
E:/stm/Tetris-with-STM32F4ZIT6-and-TouchGFX/TouchGFX/gui/src/screen1_screen/Screen1View.cpp:106:6:void Tetromino::rotate()	0	static
E:/stm/Tetris-with-STM32F4ZIT6-and-TouchGFX/TouchGFX/gui/src/screen1_screen/Screen1View.cpp:134:6:void Tetromino::reset()	32	static
E:/stm/Tetris-with-STM32F4ZIT6-and-TouchGFX/TouchGFX/gui/src/screen1_screen/Screen1View.cpp:147:13:TetriTileID Tetromino::getTiles()	0	static
E:/stm/Tetris-with-STM32F4ZIT6-and-TouchGFX/TouchGFX/gui/src/screen1_screen/Screen1View.cpp:193:6:void Screen1View::gameOver()	0	static
E:/stm/Tetris-with-STM32F4ZIT6-and-TouchGFX/TouchGFX/gui/src/screen1_screen/Screen1View.cpp:229:15:TetrominoType Screen1View::getRandomTetrominoType()	8	static
E:/stm/Tetris-with-STM32F4ZIT6-and-TouchGFX/TouchGFX/gui/src/screen1_screen/Screen1View.cpp:224:15:TetrominoType Screen1View::getRandomStarterTetrominoType()	0	static
E:/stm/Tetris-with-STM32F4ZIT6-and-TouchGFX/TouchGFX/gui/src/screen1_screen/Screen1View.cpp:235:13:TetriTileID Screen1View::findFreeTiles()	12	static
E:/stm/Tetris-with-STM32F4ZIT6-and-TouchGFX/TouchGFX/gui/src/screen1_screen/Screen1View.cpp:274:6:bool Screen1View::CheckCollision(int, int, Tetromino&)	32	static
E:/stm/Tetris-with-STM32F4ZIT6-and-TouchGFX/TouchGFX/gui/src/screen1_screen/Screen1View.cpp:248:6:void Screen1View::CreateNewTetromino(bool)	112	static
E:/stm/Tetris-with-STM32F4ZIT6-and-TouchGFX/TouchGFX/gui/src/screen1_screen/Screen1View.cpp:304:6:bool Screen1View::MoveTetromino(int, int)	24	static
E:/stm/Tetris-with-STM32F4ZIT6-and-TouchGFX/TouchGFX/gui/src/screen1_screen/Screen1View.cpp:439:6:virtual void Screen1View::MoveDown()	8	static
E:/stm/Tetris-with-STM32F4ZIT6-and-TouchGFX/TouchGFX/gui/src/screen1_screen/Screen1View.cpp:445:6:virtual void Screen1View::MoveLeft()	0	static
E:/stm/Tetris-with-STM32F4ZIT6-and-TouchGFX/TouchGFX/gui/src/screen1_screen/Screen1View.cpp:450:6:virtual void Screen1View::MoveRight()	0	static
E:/stm/Tetris-with-STM32F4ZIT6-and-TouchGFX/TouchGFX/gui/src/screen1_screen/Screen1View.cpp:322:6:void Screen1View::RotateTetromino()	16	static
E:/stm/Tetris-with-STM32F4ZIT6-and-TouchGFX/TouchGFX/gui/src/screen1_screen/Screen1View.cpp:455:6:virtual void Screen1View::Rotate()	0	static
E:/stm/Tetris-with-STM32F4ZIT6-and-TouchGFX/TouchGFX/gui/src/screen1_screen/Screen1View.cpp:340:6:void Screen1View::Move()	24	static
E:/stm/Tetris-with-STM32F4ZIT6-and-TouchGFX/TouchGFX/gui/src/screen1_screen/Screen1View.cpp:400:6:void Screen1View::eraseFullRows(bool*)	64	static
E:/stm/Tetris-with-STM32F4ZIT6-and-TouchGFX/TouchGFX/gui/src/screen1_screen/Screen1View.cpp:360:6:virtual void Screen1View::handleTickEvent()	40	static
E:/stm/Tetris-with-STM32F4ZIT6-and-TouchGFX/TouchGFX/gui/src/screen1_screen/Screen1View.cpp:156:1:Screen1View::Screen1View()	40	static
E:/stm/Tetris-with-STM32F4ZIT6-and-TouchGFX/TouchGFX/gui/src/screen1_screen/Screen1View.cpp:208:6:void Screen1View::CreateGrid()	40	static
E:/stm/Tetris-with-STM32F4ZIT6-and-TouchGFX/TouchGFX/gui/src/screen1_screen/Screen1View.cpp:180:6:virtual void Screen1View::setupScreen()	8	static
